Apps                                :
Applications                        :

Hamradio                            : Amateur Radio

Databases                           : Data Management
Database                            : Data Management

Educational                         : Education

Emulators                           : Emulators
Graphics                            : Graphics

Net                                 : Network
Comm                                : Network/Communication
Mail                                : Network/Communication

Development                         : Programming
Devel                               : Programming
Libdevel                            : Programming
Libs                                : Programming
Programming                         : Programming
Programming                         : Programming
Contrib/Libs                        : Programming
Non-Free/Devel                      : Programming
Python                              : Programming/Python
Lisp                                : Programming/Lisp

Science                             : Science
Electronics                         : Science/Electronics
Technical                           : Science/Electronics
Math                                : Science/Mathematics

Shells                              : Shells

Audio                               : Sound
Music                               : Sound
Sound                               : Sound

System                              : System
Admin                               : System/Administration
Security                            : System/Security

Xshells                             : Terminal Emulators

Text                                : Text

Viewers                             : Viewers

Web                                 : Web Developement
Web Developement/W3c                : Web Developement/W3


Games/Arcade                        : Games/Action
Games/Tetris-Like                   : Games/Blocks

Docs                                : Help
Doc                                 : Help
Manpages                            : Help
Book                                : Help/Book
Faq                                 : Help/FAQ
Howto                               : Help/HOWTO
Rfc                                 : Help/RFC
Standards                           : Help/Standards

Screen/Lock                         : Screen/Locking
Screen/Save                         : Screen/Saving
System/Admin                        : System/Administration
System/Language-Environment         : System/Language Environment

Windowmanagers                      : Window Managers
Windowmanager                       : Window Managers
X11/Window Managers                 : Window Managers

### Invalid sections (not defined in menu section hierarchy)
Interpreters                        : Interpreters

Misc                                : Miscelanous

Tex                                 : TeX
Tools                               : Tools

Utilities                           : Utilities
Utils                               : Utilities

X11                                 : X11
Gnome                               : X11/Gnome
